******************************************************************************
                  TI ARM Linker Unix v18.12.2                  
******************************************************************************
>> Linked Thu Jul 11 21:53:03 2019

OUTPUT FILE NAME:   <Z80 Manager.out>
ENTRY POINT SYMBOL: "_c_int00_noargs"  address: 00000edd


MEMORY CONFIGURATION

         name            origin    length      used     unused   attr    fill
----------------------  --------  ---------  --------  --------  ----  --------
  FLASH                 00000000   00040000  0000116d  0003ee93  R  X
  SRAM                  20000000   00008000  00000211  00007def  RW X


SEGMENT ALLOCATION MAP

run origin  load origin   length   init length attrs members
----------  ----------- ---------- ----------- ----- -------
00000000    00000000    00001170   00001170    r-x
  00000000    00000000    0000026c   0000026c    r-- .intvecs
  0000026c    0000026c    00000d9e   00000d9e    r-x .text
  0000100c    0000100c    00000133   00000133    r-- .const
  00001140    00001140    00000030   00000030    r-- .cinit
20000000    20000000    00000214   00000000    rw-
  20000000    20000000    00000200   00000000    rw- .stack
  20000200    20000200    0000000d   00000000    rw- .bss
  20000210    20000210    00000004   00000000    rw- .data


SECTION ALLOCATION MAP

 output                                  attributes/
section   page    origin      length       input sections
--------  ----  ----------  ----------   ----------------
.intvecs   0    00000000    0000026c     
                  00000000    0000026c     tm4c123gh6pm_startup_ccs.obj (.intvecs)

.text      0    0000026c    00000d9e     
                  0000026c    00000690     main.obj (.text)
                  000008fc    00000132     driverlib.lib : gpio.obj (.text:GPIOPadConfigSet)
                  00000a2e    00000002     --HOLE-- [fill = 0]
                  00000a30    00000110                   : sysctl.obj (.text:SysCtlClockGet)
                  00000b40    000000f4                   : sysctl.obj (.text:SysCtlClockSet)
                  00000c34    0000009c     main.obj (.text:_ZN14TermController8SetColorEi)
                  00000cd0    0000009c     rtsv7M4_T_le_v4SPD16_eabi.lib : memcpy_t2.asm.obj (.text)
                  00000d6c    00000068                                   : copy_decompress_lzss.c.obj (.text:decompress:lzss:__TI_decompress_lzss)
                  00000dd4    00000048     driverlib.lib : gpio.obj (.text:GPIOPinConfigure)
                  00000e1c    00000046                   : uart.obj (.text:UARTConfigSetExpClk)
                  00000e62    00000002     --HOLE-- [fill = 0]
                  00000e64    00000044     rtsv7M4_T_le_v4SPD16_eabi.lib : autoinit.c.obj (.text:__TI_auto_init_nobinit_nopinit:__TI_auto_init_nobinit_nopinit)
                  00000ea8    00000034     driverlib.lib : sysctl.obj (.text:SysCtlPeripheralEnable)
                  00000edc    00000034     rtsv7M4_T_le_v4SPD16_eabi.lib : boot_cortex_m.c.obj (.text:_c_int00_noargs:_c_int00_noargs)
                  00000f10    0000002a     driverlib.lib : gpio.obj (.text:GPIODirModeSet)
                  00000f3a    00000002     --HOLE-- [fill = 0]
                  00000f3c    00000020                   : uart.obj (.text:UARTDisable)
                  00000f5c    0000001c     rtsv7M4_T_le_v4SPD16_eabi.lib : copy_zero_init.c.obj (.text:decompress:ZI:__TI_zero_init_nomemset:__TI_zero_init_nomemset)
                  00000f78    00000014     driverlib.lib : uart.obj (.text:UARTEnable)
                  00000f8c    00000012                   : gpio.obj (.text:GPIOPinTypeUART)
                  00000f9e    00000002     --HOLE-- [fill = 0]
                  00000fa0    00000010     main.obj (.text:_ZN14TermController11ClearScreenEv)
                  00000fb0    00000010     main.obj (.text:_ZN14TermController11SendNewlineEv)
                  00000fc0    0000000e     driverlib.lib : uart.obj (.text:UARTCharsAvail)
                  00000fce    0000000e     rtsv7M4_T_le_v4SPD16_eabi.lib : copy_decompress_none.c.obj (.text:decompress:none:__TI_decompress_none)
                  00000fdc    0000000c     tm4c123gh6pm_startup_ccs.obj (.text)
                  00000fe8    0000000a     driverlib.lib : uart.obj (.text:UARTCharGet)
                  00000ff2    0000000a                   : uart.obj (.text:UARTCharPut)
                  00000ffc    00000006                   : sysctl.obj (.text:SysCtlDelay)
                  00001002    00000004     rtsv7M4_T_le_v4SPD16_eabi.lib : pre_init.c.obj (.text:_system_pre_init)
                  00001006    00000004                                   : exit.c.obj (.text:abort:abort)

.const     0    0000100c    00000133     
                  0000100c    00000090     driverlib.lib : gpio.obj (.const:g_pui32GPIOBaseAddrs)
                  0000109c    0000006c                   : sysctl.obj (.const:g_pui32Xtals)
                  00001108    00000006     main.obj (.const:.string:_ZZN14TermController8SetColorEiEs)
                  0000110e    00000006     main.obj (.const:.string:_ZZN14TermController8SetColorEiEs_0)
                  00001114    00000006     main.obj (.const:.string:_ZZN14TermController8SetColorEiEs_1)
                  0000111a    00000006     main.obj (.const:.string:_ZZN14TermController8SetColorEiEs_2)
                  00001120    00000006     main.obj (.const:.string:_ZZN14TermController8SetColorEiEs_3)
                  00001126    00000006     main.obj (.const:.string:_ZZN14TermController8SetColorEiEs_4)
                  0000112c    00000006     main.obj (.const:.string:_ZZN14TermController8SetColorEiEs_5)
                  00001132    00000006     main.obj (.const:.string:_ZZN14TermController8SetColorEiEs_6)
                  00001138    00000004     main.obj (.const:.string:_ZZN14TermController11ClearScreenEvEs)
                  0000113c    00000003     main.obj (.const:.string:_ZZN14TermController11SendNewlineEvEs)

.cinit     0    00001140    00000030     
                  00001140    0000000c     (__TI_handler_table)
                  0000114c    00000004     --HOLE-- [fill = 0]
                  00001150    00000008     (.cinit..bss.load) [load image, compression = zero_init]
                  00001158    00000007     (.cinit..data.load) [load image, compression = lzss]
                  0000115f    00000001     --HOLE-- [fill = 0]
                  00001160    00000010     (__TI_cinit_table)

.init_array 
*          0    00000000    00000000     UNINITIALIZED

.bss       0    20000200    0000000d     UNINITIALIZED
                  20000200    00000004     (.common:IN)
                  20000204    00000004     (.common:IN2)
                  20000208    00000004     (.common:OUT)
                  2000020c    00000001     (.common:CLOCKON)

.data      0    20000210    00000004     UNINITIALIZED
                  20000210    00000004     main.obj (.data)

.stack     0    20000000    00000200     UNINITIALIZED
                  20000000    00000004     rtsv7M4_T_le_v4SPD16_eabi.lib : boot_cortex_m.c.obj (.stack)
                  20000004    000001fc     --HOLE--

MODULE SUMMARY

       Module                         code   ro data   rw data
       ------                         ----   -------   -------
    ./
       main.obj                       1868   55        17     
       tm4c123gh6pm_startup_ccs.obj   12     620       0      
    +--+------------------------------+------+---------+---------+
       Total:                         1880   675       17     
                                                              
    /Applications/ti/ccs910/ccs/tools/compiler/ti-cgt-arm_18.12.2.LTS/lib/rtsv7M4_T_le_v4SPD16_eabi.lib
       memcpy_t2.asm.obj              156    0         0      
       copy_decompress_lzss.c.obj     104    0         0      
       autoinit.c.obj                 68     0         0      
       boot_cortex_m.c.obj            52     0         0      
       copy_zero_init.c.obj           28     0         0      
       copy_decompress_none.c.obj     14     0         0      
       exit.c.obj                     4      0         0      
       pre_init.c.obj                 4      0         0      
    +--+------------------------------+------+---------+---------+
       Total:                         430    0         0      
                                                              
    /Users/manicmacbook/tiva-c-master/driverlib/ccs/Debug/driverlib.lib
       sysctl.obj                     574    108       0      
       gpio.obj                       438    144       0      
       uart.obj                       156    0         0      
    +--+------------------------------+------+---------+---------+
       Total:                         1168   252       0      
                                                              
       Stack:                         0      0         512    
       Linker Generated:              0      43        0      
    +--+------------------------------+------+---------+---------+
       Grand Total:                   3478   970       529    


LINKER GENERATED COPY TABLES

__TI_cinit_table @ 00001160 records: 2, size/record: 8, table size: 16
	.bss: load addr=00001150, load size=00000008 bytes, run addr=20000200, run size=0000000d bytes, compression=zero_init
	.data: load addr=00001158, load size=00000007 bytes, run addr=20000210, run size=00000004 bytes, compression=lzss


LINKER GENERATED HANDLER TABLE

__TI_handler_table @ 00001140 records: 3, size/record: 4, table size: 12
	index: 0, handler: __TI_decompress_lzss
	index: 1, handler: __TI_decompress_none
	index: 2, handler: __TI_zero_init


GLOBAL SYMBOLS: SORTED ALPHABETICALLY BY Name 

address   name                                 
-------   ----                                 
00001007  C$$EXIT                              
2000020c  CLOCKON                              
20000210  CLOCKSPEED                           
00000f11  GPIODirModeSet                       
000008fd  GPIOPadConfigSet                     
00000dd5  GPIOPinConfigure                     
00000f8d  GPIOPinTypeUART                      
20000200  IN                                   
20000204  IN2                                  
20000208  OUT                                  
00000fdd  ResetISR                             
00000a31  SysCtlClockGet                       
00000b41  SysCtlClockSet                       
00000ffd  SysCtlDelay                          
00000ea9  SysCtlPeripheralEnable               
00000fe9  UARTCharGet                          
00000ff3  UARTCharPut                          
00000fc1  UARTCharsAvail                       
00000e1d  UARTConfigSetExpClk                  
00000f3d  UARTDisable                          
00000f79  UARTEnable                           
00000739  _Z10PortA_Initv                      
00000821  _Z10PortD_Initv                      
000007ab  _Z10PortF_Initv                      
000005c9  _Z10SingleStepv                      
000006e1  _Z11PrintStringPc                    
00000659  _Z11ToggleClockv                     
0000071d  _Z5Delayv                            
00000461  _Z7CheckUIv                          
00000371  _Z7putBytehj                         
000006ff  _Z9CheckCharv                        
00000451  _Z9Firstbootv                        
00000fa1  _ZN14TermController11ClearScreenEv   
00000fb1  _ZN14TermController11SendNewlineEv   
00000c35  _ZN14TermController8SetColorEi       
00001138  _ZZN14TermController11ClearScreenEvEs
0000113c  _ZZN14TermController11SendNewlineEvEs
00001108  _ZZN14TermController8SetColorEiEs    
0000110e  _ZZN14TermController8SetColorEiEs_0  
00001114  _ZZN14TermController8SetColorEiEs_1  
0000111a  _ZZN14TermController8SetColorEiEs_2  
00001120  _ZZN14TermController8SetColorEiEs_3  
00001126  _ZZN14TermController8SetColorEiEs_4  
0000112c  _ZZN14TermController8SetColorEiEs_5  
00001132  _ZZN14TermController8SetColorEiEs_6  
20000200  __STACK_END                          
00000200  __STACK_SIZE                         
20000200  __STACK_TOP                          
00001160  __TI_CINIT_Base                      
00001170  __TI_CINIT_Limit                     
00001140  __TI_Handler_Table_Base              
0000114c  __TI_Handler_Table_Limit             
00000e65  __TI_auto_init_nobinit_nopinit       
00000d6d  __TI_decompress_lzss                 
00000fcf  __TI_decompress_none                 
ffffffff  __TI_pprof_out_hndl                  
ffffffff  __TI_prof_data_size                  
ffffffff  __TI_prof_data_start                 
00000000  __TI_static_base__                   
00000f5d  __TI_zero_init_nomemset              
00000cd1  __aeabi_memcpy                       
00000cd1  __aeabi_memcpy4                      
00000cd1  __aeabi_memcpy8                      
ffffffff  __binit__                            
ffffffff  __c_args__                           
UNDEFED   __mpu_init                           
20000000  __stack                              
00000edd  _c_int00_noargs                      
UNDEFED   _system_post_cinit                   
00001003  _system_pre_init                     
00001007  abort                                
ffffffff  binit                                
00000000  g_pfnVectors                         
0000026d  main                                 
00000cd1  memcpy                               


GLOBAL SYMBOLS: SORTED BY Symbol Address 

address   name                                 
-------   ----                                 
00000000  __TI_static_base__                   
00000000  g_pfnVectors                         
00000200  __STACK_SIZE                         
0000026d  main                                 
00000371  _Z7putBytehj                         
00000451  _Z9Firstbootv                        
00000461  _Z7CheckUIv                          
000005c9  _Z10SingleStepv                      
00000659  _Z11ToggleClockv                     
000006e1  _Z11PrintStringPc                    
000006ff  _Z9CheckCharv                        
0000071d  _Z5Delayv                            
00000739  _Z10PortA_Initv                      
000007ab  _Z10PortF_Initv                      
00000821  _Z10PortD_Initv                      
000008fd  GPIOPadConfigSet                     
00000a31  SysCtlClockGet                       
00000b41  SysCtlClockSet                       
00000c35  _ZN14TermController8SetColorEi       
00000cd1  __aeabi_memcpy                       
00000cd1  __aeabi_memcpy4                      
00000cd1  __aeabi_memcpy8                      
00000cd1  memcpy                               
00000d6d  __TI_decompress_lzss                 
00000dd5  GPIOPinConfigure                     
00000e1d  UARTConfigSetExpClk                  
00000e65  __TI_auto_init_nobinit_nopinit       
00000ea9  SysCtlPeripheralEnable               
00000edd  _c_int00_noargs                      
00000f11  GPIODirModeSet                       
00000f3d  UARTDisable                          
00000f5d  __TI_zero_init_nomemset              
00000f79  UARTEnable                           
00000f8d  GPIOPinTypeUART                      
00000fa1  _ZN14TermController11ClearScreenEv   
00000fb1  _ZN14TermController11SendNewlineEv   
00000fc1  UARTCharsAvail                       
00000fcf  __TI_decompress_none                 
00000fdd  ResetISR                             
00000fe9  UARTCharGet                          
00000ff3  UARTCharPut                          
00000ffd  SysCtlDelay                          
00001003  _system_pre_init                     
00001007  C$$EXIT                              
00001007  abort                                
00001108  _ZZN14TermController8SetColorEiEs    
0000110e  _ZZN14TermController8SetColorEiEs_0  
00001114  _ZZN14TermController8SetColorEiEs_1  
0000111a  _ZZN14TermController8SetColorEiEs_2  
00001120  _ZZN14TermController8SetColorEiEs_3  
00001126  _ZZN14TermController8SetColorEiEs_4  
0000112c  _ZZN14TermController8SetColorEiEs_5  
00001132  _ZZN14TermController8SetColorEiEs_6  
00001138  _ZZN14TermController11ClearScreenEvEs
0000113c  _ZZN14TermController11SendNewlineEvEs
00001140  __TI_Handler_Table_Base              
0000114c  __TI_Handler_Table_Limit             
00001160  __TI_CINIT_Base                      
00001170  __TI_CINIT_Limit                     
20000000  __stack                              
20000200  IN                                   
20000200  __STACK_END                          
20000200  __STACK_TOP                          
20000204  IN2                                  
20000208  OUT                                  
2000020c  CLOCKON                              
20000210  CLOCKSPEED                           
ffffffff  __TI_pprof_out_hndl                  
ffffffff  __TI_prof_data_size                  
ffffffff  __TI_prof_data_start                 
ffffffff  __binit__                            
ffffffff  __c_args__                           
ffffffff  binit                                
UNDEFED   __mpu_init                           
UNDEFED   _system_post_cinit                   

[75 symbols]
